PS C:\Users\CGLam\OneDrive - Northwestern University\MSDS 431\Wk5_Assignment\web-scraper-go> go test -v
=== RUN   TestCleaner
--- PASS: TestCleaner (0.00s)
=== RUN   TestReadUrl
--- PASS: TestReadUrl (0.01s)
PASS
ok      web-scraper     0.061s